// Jest Snapshot v1, https://goo.gl/fbAQLP

exports[`Renders component with props 1`] = `
<div>
  Hello 
  Test
  !
</div>
`;
